рус
www
strawberry
scroll
poll
java
horse1*78
eng
apple
***46