advise
advise
advise
ahead
amusing
competition
farm
harbor
iron
legal
mixed
obtain
perfect
refuse
roomy
sort
stream
telephone
thinkable
waiting
waiting