advise
advise
advise
amusing
competition
harbor
iron
legal
obtain
perfect
roomy
stream
telephone
thinkable
waiting